// Vitest Snapshot v1, https://vitest.dev/guide/snapshot.html

exports[`NgtsText > should render properly 1`] = `
[
  {
    "children": [],
    "name": "",
    "type": "Mesh",
  },
]
`;
